
Merging object attributes


There are no discarded input sections

Memory Configuration

Name             Origin             Length             Attributes
*default*        0x00000000         0xffffffff

Linker script and memory map

LOAD /tmp/ccHAiNcV.o
LOAD /tmp/ccniQYxG.o
                0x80000000                        . = 0x80000000

.text.init      0x80000000       0x30
 *(.text.init)
 .text.init     0x80000000       0x30 /tmp/ccHAiNcV.o
                0x80000000                _start

.text           0x80000030      0x144
 *(.text)
 .text          0x80000030        0x0 /tmp/ccHAiNcV.o
 .text          0x80000030      0x144 /tmp/ccniQYxG.o
                0x8000007e                main
                0x80000174                        _end = .
                0xd0580000                        . = 0xd0580000

.data.io
 *(.data.io)
                0xf0040000                        . = 0xf0040000

.data           0xf0040000       0x60
 *(.*data)
 .data          0xf0040000        0x0 /tmp/ccHAiNcV.o
 .data          0xf0040000        0x0 /tmp/ccniQYxG.o
 *(.rodata*)
 .rodata.str1.4
                0xf0040000       0x60 /tmp/ccniQYxG.o

.bss            0xf0040060        0xc
                0xf0040060                        BSS_START = .
 *(.*bss)
 .bss           0xf0040060        0x0 /tmp/ccHAiNcV.o
 .bss           0xf0040060        0x0 /tmp/ccniQYxG.o
 .sbss          0xf0040060        0xc /tmp/ccniQYxG.o
                0xf004006c                        BSS_END = .
                0xf0041070                        STACK = (ALIGN (0x10) + 0x1000)
                0xfffffff8                        . = 0xfffffff8

.data.ctl       0xfffffff8        0x8
                0xfffffff8        0x4 LONG 0xf0040000
                0xfffffffc        0x4 LONG 0xf0041070 STACK
OUTPUT(uart_rw_test.elf elf32-littleriscv)

.rela.dyn       0x00000000        0x0
 .rela.text.init
                0x00000000        0x0 /tmp/ccHAiNcV.o

.riscv.attributes
                0x00000000       0x43
 .riscv.attributes
                0x00000000       0x41 /tmp/ccHAiNcV.o
 .riscv.attributes
                0x00000041       0x3f /tmp/ccniQYxG.o

.comment        0x00000000       0x10
 .comment       0x00000000       0x10 /tmp/ccniQYxG.o
                                 0x11 (size before relaxing)

.note.GNU-stack
                0x00000000        0x0
 .note.GNU-stack
                0x00000000        0x0 /tmp/ccniQYxG.o

.debug_line     0x00000000      0x2d6
 .debug_line    0x00000000       0x82 /tmp/ccHAiNcV.o
 .debug_line    0x00000082      0x254 /tmp/ccniQYxG.o

.debug_line_str
                0x00000000       0x49
 .debug_line_str
                0x00000000       0x49 /tmp/ccHAiNcV.o
                                 0x3a (size before relaxing)
 .debug_line_str
                0x00000049        0x0 /tmp/ccniQYxG.o
                                 0x42 (size before relaxing)

.debug_info     0x00000000      0x2ef
 .debug_info    0x00000000       0x31 /tmp/ccHAiNcV.o
 .debug_info    0x00000031      0x2be /tmp/ccniQYxG.o

.debug_abbrev   0x00000000      0x150
 .debug_abbrev  0x00000000       0x28 /tmp/ccHAiNcV.o
 .debug_abbrev  0x00000028      0x128 /tmp/ccniQYxG.o

.debug_aranges  0x00000000       0x40
 .debug_aranges
                0x00000000       0x20 /tmp/ccHAiNcV.o
 .debug_aranges
                0x00000020       0x20 /tmp/ccniQYxG.o

.debug_str      0x00000000      0x16f
 .debug_str     0x00000000      0x16f /tmp/ccHAiNcV.o
                                 0x4d (size before relaxing)
 .debug_str     0x0000016f        0x0 /tmp/ccniQYxG.o
                                0x12f (size before relaxing)

.debug_loclists
                0x00000000       0x7a
 .debug_loclists
                0x00000000       0x7a /tmp/ccniQYxG.o

.debug_rnglists
                0x00000000       0x17
 .debug_rnglists
                0x00000000       0x17 /tmp/ccniQYxG.o

.debug_frame    0x00000000       0x58
 .debug_frame   0x00000000       0x58 /tmp/ccniQYxG.o
